{
    "-profile test": {
        "content": [
            {
                "${task.process}": {
                    "r-base": "4.5.3",
                    "r-mutscan": "1.0.0",
                    "r-Biostrings": "2.78.0"
                },
                "BWA_INDEX": {
                    "bwa": "0.7.19-r1273"
                },
                "BWA_MEM": {
                    "bwa": "0.7.19-r1273",
                    "samtools": "1.22.1"
                },
                "DIMSUM_RUN": {
                    "r-base": "4.4.2"
                },
                "DMSANALYSIS_ERROR_CORRECTION_FALSE_DOUBLES": {
                    "r-base": "4.5.1"
                },
                "DMSANALYSIS_POSSIBLE_MUTATIONS": {
                    "r-base": "4.5.3",
                    "biostrings": "2.78.0"
                },
                "EXPDESIGN_FITNESS": {
                    "r-base": "4.5.3"
                },
                "FASTQC": {
                    "fastqc": "0.12.1"
                },
                "FIND_SYNONYMOUS_MUTATION": {
                    "r-base": "4.5.3",
                    "r-Biostrings": "2.78.0"
                },
                "FITNESS_HEATMAP": {
                    "r-base": "4.5.3",
                    "r-dplyr": "1.2.1",
                    "r-ggplot2": "4.0.3",
                    "r-methods": "4.5.3",
                    "r-grid": "4.5.3"
                },
                "FITNESS_QC": {
                    "r-base": "4.5.3"
                },
                "MERGE_COUNTS": {
                    "r-base": "4.5.3"
                },
                "SAMTOOLS_INDEX": {
                    "samtools": "1.23.1"
                },
                "SAMTOOLS_SORT": {
                    "samtools": "1.23.1"
                },
                "VARIANTCOUNTING": {
                    "python": "3.12.13",
                    "pysam": "0.24.0",
                    "polars": "1.33.1",
                    "pyarrow": "24.0.0",
                    "numpy": "2.5.1",
                    "biopython": 1.87
                },
                "VARIANT_EFFECT_INSPECTION_TOOL": {
                    "python": "3.12.3",
                    "pandas": "2.2.1",
                    "numpy": "1.26.4"
                },
                "VISUALIZATION_ERROR_CORRECTION_REPORT": {
                    "python": "3.12.3",
                    "pandas": "2.2.1",
                    "numpy": "1.26.4"
                },
                "Workflow": {
                    "nf-core/deepmutscan": "v1.0.0"
                }
            },
            [
                "fastqc",
                "fastqc/GID1A_input_1_pe_1_fastqc.html",
                "fastqc/GID1A_input_1_pe_1_fastqc.zip",
                "fastqc/GID1A_input_1_pe_2_fastqc.html",
                "fastqc/GID1A_input_1_pe_2_fastqc.zip",
                "fastqc/GID1A_input_2_pe_1_fastqc.html",
                "fastqc/GID1A_input_2_pe_1_fastqc.zip",
                "fastqc/GID1A_input_2_pe_2_fastqc.html",
                "fastqc/GID1A_input_2_pe_2_fastqc.zip",
                "fastqc/GID1A_output_1_pe_1_fastqc.html",
                "fastqc/GID1A_output_1_pe_1_fastqc.zip",
                "fastqc/GID1A_output_1_pe_2_fastqc.html",
                "fastqc/GID1A_output_1_pe_2_fastqc.zip",
                "fastqc/GID1A_output_2_pe_1_fastqc.html",
                "fastqc/GID1A_output_2_pe_1_fastqc.zip",
                "fastqc/GID1A_output_2_pe_2_fastqc.html",
                "fastqc/GID1A_output_2_pe_2_fastqc.zip",
                "fitness",
                "fitness/DiMSum_results",
                "fitness/DiMSum_results/dimsum_results",
                "fitness/DiMSum_results/dimsum_results/dimsum_results_fitness_intermediate.RData",
                "fitness/DiMSum_results/dimsum_results/dimsum_results_fitness_replicates.RData",
                "fitness/DiMSum_results/dimsum_results/dimsum_results_indel_variant_data_merge.tsv",
                "fitness/DiMSum_results/dimsum_results/dimsum_results_nobarcode_variant_data_merge.tsv",
                "fitness/DiMSum_results/dimsum_results/dimsum_results_rejected_variant_data_merge.tsv",
                "fitness/DiMSum_results/dimsum_results/dimsum_results_sessionInfo.RData",
                "fitness/DiMSum_results/dimsum_results/dimsum_results_variant_data_merge.RData",
                "fitness/DiMSum_results/dimsum_results/dimsum_results_variant_data_merge.tsv",
                "fitness/DiMSum_results/dimsum_results/dimsum_results_workspace.RData",
                "fitness/DiMSum_results/dimsum_results/fitness_doubles.txt",
                "fitness/DiMSum_results/dimsum_results/fitness_singles.txt",
                "fitness/DiMSum_results/dimsum_results/fitness_singles_MaveDB.csv",
                "fitness/DiMSum_results/dimsum_results/fitness_synonymous.txt",
                "fitness/DiMSum_results/dimsum_results/fitness_wildtype.txt",
                "fitness/DiMSum_results/dimsum_results/report.html",
                "fitness/DiMSum_results/dimsum_results/reports",
                "fitness/DiMSum_results/dimsum_results/reports/Dumpling.png",
                "fitness/DiMSum_results/dimsum_results/reports/dimsum__cutadapt_report_pair1.png",
                "fitness/DiMSum_results/dimsum_results/reports/dimsum__cutadapt_report_pair2.png",
                "fitness/DiMSum_results/dimsum_results/reports/dimsum__diagnostics_report_count_hist_input_aa.pdf",
                "fitness/DiMSum_results/dimsum_results/reports/dimsum__diagnostics_report_count_hist_input_aa.png",
                "fitness/DiMSum_results/dimsum_results/reports/dimsum__diagnostics_report_count_hist_input_nt.pdf",
                "fitness/DiMSum_results/dimsum_results/reports/dimsum__diagnostics_report_count_hist_input_nt.png",
                "fitness/DiMSum_results/dimsum_results/reports/dimsum__diagnostics_report_scatterplotmatrix_all.png",
                "fitness/DiMSum_results/dimsum_results/reports/dimsum__fastqc_report_pair1_fastqc.png",
                "fitness/DiMSum_results/dimsum_results/reports/dimsum__fastqc_report_pair2_fastqc.png",
                "fitness/DiMSum_results/dimsum_results/reports/dimsum__merge_report_aamutationcounts.png",
                "fitness/DiMSum_results/dimsum_results/reports/dimsum__merge_report_aamutationpercentages.png",
                "fitness/DiMSum_results/dimsum_results/reports/dimsum__merge_report_nucmutationcounts.png",
                "fitness/DiMSum_results/dimsum_results/reports/dimsum__merge_report_nucmutationpercentages.png",
                "fitness/DiMSum_results/dimsum_results/reports/dimsum__vsearch_report_mergedlength.png",
                "fitness/DiMSum_results/dimsum_results/reports/dimsum__vsearch_report_paircounts.png",
                "fitness/DiMSum_results/dimsum_results/reports/dimsum_stage_fitness_report_1_errormodel_fitness_inputcounts.png",
                "fitness/DiMSum_results/dimsum_results/reports/dimsum_stage_fitness_report_1_errormodel_fitness_replicates_density.png",
                "fitness/DiMSum_results/dimsum_results/reports/dimsum_stage_fitness_report_1_errormodel_fitness_replicates_density_norm.png",
                "fitness/DiMSum_results/dimsum_results/reports/dimsum_stage_fitness_report_1_errormodel_fitness_replicates_scatter.png",
                "fitness/DiMSum_results/dimsum_results/reports/dimsum_stage_fitness_report_1_errormodel_fitness_replicates_scatter_norm.png",
                "fitness/DiMSum_results/dimsum_results/reports/dimsum_stage_fitness_report_1_errormodel_leaveoneout_qqplot.png",
                "fitness/DiMSum_results/dimsum_results/reports/dimsum_stage_fitness_report_1_errormodel_repspec.png",
                "fitness/DiMSum_results/dimsum_results/reports/report.Rmd",
                "fitness/DiMSum_results/dimsum_results/reports/report_settings.RData",
                "fitness/DiMSum_results/dimsum_results/tmp",
                "fitness/DiMSum_results/dimsum_results/tmp/mutation_stats_dicts.RData",
                "fitness/DiMSum_results/single_rep_counts",
                "fitness/DiMSum_results/single_rep_counts/GID1A_input_1_pe_fitness_input.tsv",
                "fitness/DiMSum_results/single_rep_counts/GID1A_input_2_pe_fitness_input.tsv",
                "fitness/DiMSum_results/single_rep_counts/GID1A_output_1_pe_fitness_input.tsv",
                "fitness/DiMSum_results/single_rep_counts/GID1A_output_2_pe_fitness_input.tsv",
                "fitness/counts_merged.tsv",
                "fitness/default_results",
                "fitness/default_results/fitness_estimation.tsv",
                "fitness/default_results/fitness_estimation_count_correlation.pdf",
                "fitness/default_results/fitness_estimation_fitness_correlation.pdf",
                "fitness/default_results/fitness_heatmap.pdf",
                "fitness/experimentalDesign.tsv",
                "fitness/mutscan_results",
                "fitness/mutscan_results/fitness_estimation_mutscan_edgeR.tsv",
                "fitness/mutscan_results/fitness_estimation_mutscan_limma.tsv",
                "fitness/mutscan_results/mutscan_counts_corr.pdf",
                "fitness/mutscan_results/mutscan_edgeR_volcano.pdf",
                "fitness/mutscan_results/mutscan_limma_volcano.pdf",
                "fitness/synonymous_wt.txt",
                "intermediate_files",
                "intermediate_files/aa_seq.txt",
                "intermediate_files/bam_files",
                "intermediate_files/bam_files/bwa",
                "intermediate_files/bam_files/bwa/mem",
                "intermediate_files/bam_files/bwa/mem/GID1A_input_1_pe.bam",
                "intermediate_files/bam_files/bwa/mem/GID1A_input_2_pe.bam",
                "intermediate_files/bam_files/bwa/mem/GID1A_output_1_pe.bam",
                "intermediate_files/bam_files/bwa/mem/GID1A_output_2_pe.bam",
                "intermediate_files/bam_files/filtered",
                "intermediate_files/bam_files/filtered/GID1A_input_1_pe_filtered.bam",
                "intermediate_files/bam_files/filtered/GID1A_input_2_pe_filtered.bam",
                "intermediate_files/bam_files/filtered/GID1A_output_1_pe_filtered.bam",
                "intermediate_files/bam_files/filtered/GID1A_output_2_pe_filtered.bam",
                "intermediate_files/bam_files/premerged",
                "intermediate_files/bam_files/premerged/GID1A_input_1_pe_merged.bam",
                "intermediate_files/bam_files/premerged/GID1A_input_2_pe_merged.bam",
                "intermediate_files/bam_files/premerged/GID1A_output_1_pe_merged.bam",
                "intermediate_files/bam_files/premerged/GID1A_output_2_pe_merged.bam",
                "intermediate_files/bam_files/sorted",
                "intermediate_files/bam_files/sorted/GID1A_input_1_pe.sorted.bam",
                "intermediate_files/bam_files/sorted/GID1A_input_1_pe.sorted.bam.bai",
                "intermediate_files/bam_files/sorted/GID1A_input_2_pe.sorted.bam",
                "intermediate_files/bam_files/sorted/GID1A_input_2_pe.sorted.bam.bai",
                "intermediate_files/bam_files/sorted/GID1A_output_1_pe.sorted.bam",
                "intermediate_files/bam_files/sorted/GID1A_output_1_pe.sorted.bam.bai",
                "intermediate_files/bam_files/sorted/GID1A_output_2_pe.sorted.bam",
                "intermediate_files/bam_files/sorted/GID1A_output_2_pe.sorted.bam.bai",
                "intermediate_files/bwa",
                "intermediate_files/bwa/GID1A.amb",
                "intermediate_files/bwa/GID1A.ann",
                "intermediate_files/bwa/GID1A.bwt",
                "intermediate_files/bwa/GID1A.pac",
                "intermediate_files/bwa/GID1A.sa",
                "intermediate_files/possible_mutations.csv",
                "intermediate_files/processed_variant_counts",
                "intermediate_files/processed_variant_counts/GID1A_input_1_pe",
                "intermediate_files/processed_variant_counts/GID1A_input_1_pe/annotated_variantCounts.csv",
                "intermediate_files/processed_variant_counts/GID1A_input_1_pe/library_completed_variantCounts.csv",
                "intermediate_files/processed_variant_counts/GID1A_input_1_pe/library_completed_variantCounts_error_corrected.csv",
                "intermediate_files/processed_variant_counts/GID1A_input_1_pe/variantCounts_filtered_by_library.csv",
                "intermediate_files/processed_variant_counts/GID1A_input_1_pe/variantCounts_filtered_by_library_error_corrected.csv",
                "intermediate_files/processed_variant_counts/GID1A_input_1_pe/variantCounts_for_heatmaps.csv",
                "intermediate_files/processed_variant_counts/GID1A_input_1_pe/variantCounts_for_heatmaps_error_corrected.csv",
                "intermediate_files/processed_variant_counts/GID1A_input_2_pe",
                "intermediate_files/processed_variant_counts/GID1A_input_2_pe/annotated_variantCounts.csv",
                "intermediate_files/processed_variant_counts/GID1A_input_2_pe/library_completed_variantCounts.csv",
                "intermediate_files/processed_variant_counts/GID1A_input_2_pe/library_completed_variantCounts_error_corrected.csv",
                "intermediate_files/processed_variant_counts/GID1A_input_2_pe/variantCounts_filtered_by_library.csv",
                "intermediate_files/processed_variant_counts/GID1A_input_2_pe/variantCounts_filtered_by_library_error_corrected.csv",
                "intermediate_files/processed_variant_counts/GID1A_input_2_pe/variantCounts_for_heatmaps.csv",
                "intermediate_files/processed_variant_counts/GID1A_input_2_pe/variantCounts_for_heatmaps_error_corrected.csv",
                "intermediate_files/processed_variant_counts/GID1A_output_1_pe",
                "intermediate_files/processed_variant_counts/GID1A_output_1_pe/annotated_variantCounts.csv",
                "intermediate_files/processed_variant_counts/GID1A_output_1_pe/library_completed_variantCounts.csv",
                "intermediate_files/processed_variant_counts/GID1A_output_1_pe/library_completed_variantCounts_error_corrected.csv",
                "intermediate_files/processed_variant_counts/GID1A_output_1_pe/variantCounts_filtered_by_library.csv",
                "intermediate_files/processed_variant_counts/GID1A_output_1_pe/variantCounts_filtered_by_library_error_corrected.csv",
                "intermediate_files/processed_variant_counts/GID1A_output_1_pe/variantCounts_for_heatmaps.csv",
                "intermediate_files/processed_variant_counts/GID1A_output_1_pe/variantCounts_for_heatmaps_error_corrected.csv",
                "intermediate_files/processed_variant_counts/GID1A_output_2_pe",
                "intermediate_files/processed_variant_counts/GID1A_output_2_pe/annotated_variantCounts.csv",
                "intermediate_files/processed_variant_counts/GID1A_output_2_pe/library_completed_variantCounts.csv",
                "intermediate_files/processed_variant_counts/GID1A_output_2_pe/library_completed_variantCounts_error_corrected.csv",
                "intermediate_files/processed_variant_counts/GID1A_output_2_pe/variantCounts_filtered_by_library.csv",
                "intermediate_files/processed_variant_counts/GID1A_output_2_pe/variantCounts_filtered_by_library_error_corrected.csv",
                "intermediate_files/processed_variant_counts/GID1A_output_2_pe/variantCounts_for_heatmaps.csv",
                "intermediate_files/processed_variant_counts/GID1A_output_2_pe/variantCounts_for_heatmaps_error_corrected.csv",
                "intermediate_files/variant_counts",
                "intermediate_files/variant_counts/GID1A_input_1_pe",
                "intermediate_files/variant_counts/GID1A_input_1_pe/GID1A_input_1_pe.variant_counts.tsv",
                "intermediate_files/variant_counts/GID1A_input_1_pe/variant_counts_columns.tsv",
                "intermediate_files/variant_counts/GID1A_input_2_pe",
                "intermediate_files/variant_counts/GID1A_input_2_pe/GID1A_input_2_pe.variant_counts.tsv",
                "intermediate_files/variant_counts/GID1A_input_2_pe/variant_counts_columns.tsv",
                "intermediate_files/variant_counts/GID1A_output_1_pe",
                "intermediate_files/variant_counts/GID1A_output_1_pe/GID1A_output_1_pe.variant_counts.tsv",
                "intermediate_files/variant_counts/GID1A_output_1_pe/variant_counts_columns.tsv",
                "intermediate_files/variant_counts/GID1A_output_2_pe",
                "intermediate_files/variant_counts/GID1A_output_2_pe/GID1A_output_2_pe.variant_counts.tsv",
                "intermediate_files/variant_counts/GID1A_output_2_pe/variant_counts_columns.tsv",
                "library_QC",
                "library_QC/GID1A_input_1_pe",
                "library_QC/GID1A_input_1_pe/GID1A_input_1_pe_error_correction_report.html",
                "library_QC/GID1A_input_1_pe/SeqDepth.pdf",
                "library_QC/GID1A_input_1_pe/counts_heatmap.pdf",
                "library_QC/GID1A_input_1_pe/counts_per_cov_heatmap.pdf",
                "library_QC/GID1A_input_1_pe/logdiff_plot.pdf",
                "library_QC/GID1A_input_1_pe/logdiff_varying_bases.pdf",
                "library_QC/GID1A_input_1_pe/rolling_counts.pdf",
                "library_QC/GID1A_input_1_pe/rolling_counts_per_cov.pdf",
                "library_QC/GID1A_input_1_pe/rolling_coverage.pdf",
                "library_QC/GID1A_input_2_pe",
                "library_QC/GID1A_input_2_pe/GID1A_input_2_pe_error_correction_report.html",
                "library_QC/GID1A_input_2_pe/SeqDepth.pdf",
                "library_QC/GID1A_input_2_pe/counts_heatmap.pdf",
                "library_QC/GID1A_input_2_pe/counts_per_cov_heatmap.pdf",
                "library_QC/GID1A_input_2_pe/logdiff_plot.pdf",
                "library_QC/GID1A_input_2_pe/logdiff_varying_bases.pdf",
                "library_QC/GID1A_input_2_pe/rolling_counts.pdf",
                "library_QC/GID1A_input_2_pe/rolling_counts_per_cov.pdf",
                "library_QC/GID1A_input_2_pe/rolling_coverage.pdf",
                "library_QC/GID1A_output_1_pe",
                "library_QC/GID1A_output_1_pe/GID1A_output_1_pe_error_correction_report.html",
                "library_QC/GID1A_output_1_pe/SeqDepth.pdf",
                "library_QC/GID1A_output_1_pe/counts_heatmap.pdf",
                "library_QC/GID1A_output_1_pe/counts_per_cov_heatmap.pdf",
                "library_QC/GID1A_output_1_pe/logdiff_plot.pdf",
                "library_QC/GID1A_output_1_pe/logdiff_varying_bases.pdf",
                "library_QC/GID1A_output_1_pe/rolling_counts.pdf",
                "library_QC/GID1A_output_1_pe/rolling_counts_per_cov.pdf",
                "library_QC/GID1A_output_1_pe/rolling_coverage.pdf",
                "library_QC/GID1A_output_2_pe",
                "library_QC/GID1A_output_2_pe/GID1A_output_2_pe_error_correction_report.html",
                "library_QC/GID1A_output_2_pe/SeqDepth.pdf",
                "library_QC/GID1A_output_2_pe/counts_heatmap.pdf",
                "library_QC/GID1A_output_2_pe/counts_per_cov_heatmap.pdf",
                "library_QC/GID1A_output_2_pe/logdiff_plot.pdf",
                "library_QC/GID1A_output_2_pe/logdiff_varying_bases.pdf",
                "library_QC/GID1A_output_2_pe/rolling_counts.pdf",
                "library_QC/GID1A_output_2_pe/rolling_counts_per_cov.pdf",
                "library_QC/GID1A_output_2_pe/rolling_coverage.pdf",
                "multiqc",
                "multiqc/multiqc_data",
                "multiqc/multiqc_data/fastqc-status-check-heatmap.txt",
                "multiqc/multiqc_data/fastqc_adapter_content_plot.txt",
                "multiqc/multiqc_data/fastqc_overrepresented_sequences_plot.txt",
                "multiqc/multiqc_data/fastqc_per_base_n_content_plot.txt",
                "multiqc/multiqc_data/fastqc_per_base_sequence_quality_plot.txt",
                "multiqc/multiqc_data/fastqc_per_sequence_gc_content_plot_Counts.txt",
                "multiqc/multiqc_data/fastqc_per_sequence_gc_content_plot_Percentages.txt",
                "multiqc/multiqc_data/fastqc_per_sequence_quality_scores_plot.txt",
                "multiqc/multiqc_data/fastqc_sequence_counts_plot.txt",
                "multiqc/multiqc_data/fastqc_sequence_duplication_levels_plot.txt",
                "multiqc/multiqc_data/fastqc_top_overrepresented_sequences_table.txt",
                "multiqc/multiqc_data/llms-full.txt",
                "multiqc/multiqc_data/multiqc.log",
                "multiqc/multiqc_data/multiqc.parquet",
                "multiqc/multiqc_data/multiqc_citations.txt",
                "multiqc/multiqc_data/multiqc_data.json",
                "multiqc/multiqc_data/multiqc_fastqc.txt",
                "multiqc/multiqc_data/multiqc_general_stats.txt",
                "multiqc/multiqc_data/multiqc_software_versions.txt",
                "multiqc/multiqc_data/multiqc_sources.txt",
                "multiqc/multiqc_report.html",
                "pipeline_info",
                "pipeline_info/nf_core_deepmutscan_software_mqc_versions.yml",
                "variant_effect_inspection_tool",
                "variant_effect_inspection_tool/structure_data.json",
                "variant_effect_inspection_tool/variant_effect_inspection_tool.html"
            ],
            [
                "dimsum_results_indel_variant_data_merge.tsv:md5,5f82d5e4ea2238efa12ac0012816f3d7",
                "dimsum_results_nobarcode_variant_data_merge.tsv:md5,d76631f8a295e3d95d92444584395d70",
                "dimsum_results_rejected_variant_data_merge.tsv:md5,3f98c2bcf41ef74f21e123baee8a3561",
                "dimsum_results_variant_data_merge.tsv:md5,31757512fe370a0e749a52d1dc1b6b7c",
                "fitness_doubles.txt:md5,68b329da9893e34099c7d8ad5cb9c940",
                "fitness_singles.txt:md5,df4effcdf5477327ab7e74034498ddc8",
                "fitness_singles_MaveDB.csv:md5,160ad250f0774e770b5128840b62ba80",
                "fitness_synonymous.txt:md5,f66a7058a42fa4b60950aa54c3984d3c",
                "fitness_wildtype.txt:md5,934b2d1b64746b4130d99e7bd46d5595",
                "Dumpling.png:md5,b070c7f81e170ffce462fe2711563756",
                "dimsum__cutadapt_report_pair1.png:md5,68b329da9893e34099c7d8ad5cb9c940",
                "dimsum__cutadapt_report_pair2.png:md5,68b329da9893e34099c7d8ad5cb9c940",
                "dimsum__diagnostics_report_count_hist_input_aa.png:md5,d4a92ec25ccc133a1fddf15511c7f13b",
                "dimsum__diagnostics_report_count_hist_input_nt.png:md5,a934f64c8eaf61182eda555b7fe4298d",
                "dimsum__diagnostics_report_scatterplotmatrix_all.png:md5,68b329da9893e34099c7d8ad5cb9c940",
                "dimsum__fastqc_report_pair1_fastqc.png:md5,68b329da9893e34099c7d8ad5cb9c940",
                "dimsum__fastqc_report_pair2_fastqc.png:md5,68b329da9893e34099c7d8ad5cb9c940",
                "dimsum__merge_report_aamutationcounts.png:md5,36017b1aa09c5b0b925572eeaed8b301",
                "dimsum__merge_report_aamutationpercentages.png:md5,ee467d426de7e5f0fe80a9de21183b19",
                "dimsum__merge_report_nucmutationcounts.png:md5,f461130d86a81850b4e2b1bb1e6f4bd1",
                "dimsum__merge_report_nucmutationpercentages.png:md5,324e9061d01b9292bbaafb43198c3589",
                "dimsum__vsearch_report_mergedlength.png:md5,68b329da9893e34099c7d8ad5cb9c940",
                "dimsum__vsearch_report_paircounts.png:md5,68b329da9893e34099c7d8ad5cb9c940",
                "dimsum_stage_fitness_report_1_errormodel_fitness_inputcounts.png:md5,68b329da9893e34099c7d8ad5cb9c940",
                "dimsum_stage_fitness_report_1_errormodel_fitness_replicates_density.png:md5,68b329da9893e34099c7d8ad5cb9c940",
                "dimsum_stage_fitness_report_1_errormodel_fitness_replicates_density_norm.png:md5,68b329da9893e34099c7d8ad5cb9c940",
                "dimsum_stage_fitness_report_1_errormodel_fitness_replicates_scatter.png:md5,68b329da9893e34099c7d8ad5cb9c940",
                "dimsum_stage_fitness_report_1_errormodel_fitness_replicates_scatter_norm.png:md5,68b329da9893e34099c7d8ad5cb9c940",
                "dimsum_stage_fitness_report_1_errormodel_leaveoneout_qqplot.png:md5,68b329da9893e34099c7d8ad5cb9c940",
                "dimsum_stage_fitness_report_1_errormodel_repspec.png:md5,68b329da9893e34099c7d8ad5cb9c940",
                "report.Rmd:md5,a19acae87f16d0059c6699bc1e818d95",
                "GID1A_input_1_pe_fitness_input.tsv:md5,864069989695d742b5718c6c3779d012",
                "GID1A_input_2_pe_fitness_input.tsv:md5,d90aa61232e81c2a2d0f2dfc3487b083",
                "GID1A_output_1_pe_fitness_input.tsv:md5,4b0bed16af95988a627c60242d96c31a",
                "GID1A_output_2_pe_fitness_input.tsv:md5,339ee81fdbafdfd04e67ff5be3a53849",
                "counts_merged.tsv:md5,d27d49dce09c9d65dbc80807daf7eaf4",
                "fitness_estimation.tsv:md5,968d3473f11c69e898a168fa01858123",
                "experimentalDesign.tsv:md5,f95dea4a3e6cf7e206e789a96e502604",
                "synonymous_wt.txt:md5,bb94c5975185b80f8d63acebfbf4a0da",
                "aa_seq.txt:md5,421287586f566191f7da4a7aad7d24a8",
                "GID1A_input_1_pe.bam:md5,57f54fa2bad68dc8ff39d2bb79d94742",
                "GID1A_input_2_pe.bam:md5,5da708382cddfaa90e7b53e3d79d8f8e",
                "GID1A_output_1_pe.bam:md5,f888077ed2234b2b7b033ceea621b33f",
                "GID1A_output_2_pe.bam:md5,5b147ba80d87ee3ff3be6c3f34d7f67d",
                "GID1A_input_1_pe_filtered.bam:md5,9a8f3691ec0478928227fe0da590054b",
                "GID1A_input_2_pe_filtered.bam:md5,50f50c79514041c8746fb95070fbf321",
                "GID1A_output_1_pe_filtered.bam:md5,b743b1fd86941c392c7d42474a82217d",
                "GID1A_output_2_pe_filtered.bam:md5,20e02c4c5f0ba2ff9f9b553e80a89343",
                "GID1A_input_1_pe_merged.bam:md5,e83e32f077c1f8018dd7cda8a27828fd",
                "GID1A_input_2_pe_merged.bam:md5,eeb0a34e585e1858d3b758d6bde3b8db",
                "GID1A_output_1_pe_merged.bam:md5,ed034511d33464cd9f032b8824663842",
                "GID1A_output_2_pe_merged.bam:md5,9bafd9eee748877ac559815b1420b865",
                "GID1A_input_1_pe.sorted.bam:md5,80311313f5d8b1387130ba376bd8f2b9",
                "GID1A_input_1_pe.sorted.bam.bai:md5,644255e89a4f621627ee67d5884fe79e",
                "GID1A_input_2_pe.sorted.bam:md5,084adf0c95308ceef7eba177999ed6fe",
                "GID1A_input_2_pe.sorted.bam.bai:md5,8f5580680b4aa02ea4800f422d366a8b",
                "GID1A_output_1_pe.sorted.bam:md5,95a6016ac42a49925b3300ecb57465f3",
                "GID1A_output_1_pe.sorted.bam.bai:md5,38e8757743fca3dbd3b1f44c1cb49475",
                "GID1A_output_2_pe.sorted.bam:md5,73b5c65751b796b6565ba18b316935ab",
                "GID1A_output_2_pe.sorted.bam.bai:md5,f032b0115c80e79b05eb757bd75445e1",
                "GID1A.amb:md5,383ef17f6abb846ab669ebac30f5659b",
                "GID1A.ann:md5,30c4a2204f9166d9594c790e0ca58793",
                "GID1A.bwt:md5,120149e0239465625c2dd20a171701fd",
                "GID1A.pac:md5,104f743d81d39b2527b5ae52db26654c",
                "GID1A.sa:md5,1f697dcb3fedd2f3f29642598bdd795b",
                "possible_mutations.csv:md5,9ce59fe91b726b1d88587a13fa899567",
                "annotated_variantCounts.csv:md5,1c4c887aad6ef3ec85e9a183ff369e03",
                "library_completed_variantCounts.csv:md5,af925b751739da10500bb12816757aad",
                "library_completed_variantCounts_error_corrected.csv:md5,af925b751739da10500bb12816757aad",
                "variantCounts_filtered_by_library.csv:md5,77106e0b86588a29dba2941f75865628",
                "variantCounts_filtered_by_library_error_corrected.csv:md5,73e7ca24d2f5cab0aaebc45cc85d4875",
                "variantCounts_for_heatmaps.csv:md5,842bd5c00760d594e2a450aec929e4aa",
                "variantCounts_for_heatmaps_error_corrected.csv:md5,842bd5c00760d594e2a450aec929e4aa",
                "annotated_variantCounts.csv:md5,b10ae0f7f4f9f409b8b798f7f25ce70c",
                "library_completed_variantCounts.csv:md5,26cf741098c2306b415596811c03926c",
                "library_completed_variantCounts_error_corrected.csv:md5,26cf741098c2306b415596811c03926c",
                "variantCounts_filtered_by_library.csv:md5,98074a52adc6a33c1fc986f2fbbdd225",
                "variantCounts_filtered_by_library_error_corrected.csv:md5,5cff5e32403a096a81c2bd0feb0a43e7",
                "variantCounts_for_heatmaps.csv:md5,44069d5abca76323ccaed3c182447104",
                "variantCounts_for_heatmaps_error_corrected.csv:md5,44069d5abca76323ccaed3c182447104",
                "annotated_variantCounts.csv:md5,74364ca51a86ae92170f26c0ad60b7c7",
                "library_completed_variantCounts.csv:md5,f0922310bcb2092c83ab550a26232c21",
                "library_completed_variantCounts_error_corrected.csv:md5,f0922310bcb2092c83ab550a26232c21",
                "variantCounts_filtered_by_library.csv:md5,eaa0475e2bdbaf4e75dde8061d837c09",
                "variantCounts_filtered_by_library_error_corrected.csv:md5,81f6295604359afd5d7b47b4e72c93b5",
                "variantCounts_for_heatmaps.csv:md5,3a9ce900a567cb663bc71033d3771d8a",
                "variantCounts_for_heatmaps_error_corrected.csv:md5,3a9ce900a567cb663bc71033d3771d8a",
                "annotated_variantCounts.csv:md5,5e6909436f63c9ba9fec06e8756b6059",
                "library_completed_variantCounts.csv:md5,0971b03f7637770185e7d4386a6b0d28",
                "library_completed_variantCounts_error_corrected.csv:md5,0971b03f7637770185e7d4386a6b0d28",
                "variantCounts_filtered_by_library.csv:md5,474de61763b1a11f760e8d3c0d92d40e",
                "variantCounts_filtered_by_library_error_corrected.csv:md5,96073a5f658e077174c34870435e82be",
                "variantCounts_for_heatmaps.csv:md5,f263448ec0d7ec68f6e23aa050b961e6",
                "variantCounts_for_heatmaps_error_corrected.csv:md5,f263448ec0d7ec68f6e23aa050b961e6",
                "GID1A_input_1_pe.variant_counts.tsv:md5,d292d3700de9131139139b74bb9f67bc",
                "variant_counts_columns.tsv:md5,c94801255a553ce5ff4a00d3170f6768",
                "GID1A_input_2_pe.variant_counts.tsv:md5,4312ce61bd434f65fa1fd162d5f15654",
                "variant_counts_columns.tsv:md5,c94801255a553ce5ff4a00d3170f6768",
                "GID1A_output_1_pe.variant_counts.tsv:md5,6ef729abd748b97ccbe3cd5b20b4f268",
                "variant_counts_columns.tsv:md5,c94801255a553ce5ff4a00d3170f6768",
                "GID1A_output_2_pe.variant_counts.tsv:md5,332ec16889fca5341ffb4c105f5f878f",
                "variant_counts_columns.tsv:md5,c94801255a553ce5ff4a00d3170f6768",
                "fastqc-status-check-heatmap.txt:md5,58a9580c11af4210b1af65753383e120",
                "fastqc_adapter_content_plot.txt:md5,2990ad34b6fa29151dd4b9a38828afbe",
                "fastqc_overrepresented_sequences_plot.txt:md5,c703a9df0ea3a5c1c5f515a1fd88bbe8",
                "fastqc_per_base_n_content_plot.txt:md5,6af419871cdec77149cf013b72e82417",
                "fastqc_per_base_sequence_quality_plot.txt:md5,460b8e65cf8d58087b3143ba78b30e17",
                "fastqc_per_sequence_gc_content_plot_Counts.txt:md5,7f1eacaa19e912e18a4419b23e749e3a",
                "fastqc_per_sequence_gc_content_plot_Percentages.txt:md5,0e405d9394ae8aeaa6ae162e18f7c195",
                "fastqc_per_sequence_quality_scores_plot.txt:md5,5d1ee338c146901ca9f1690f7ee47200",
                "fastqc_sequence_counts_plot.txt:md5,8b438078b7f3475b6ce659cc4b8dca11",
                "fastqc_sequence_duplication_levels_plot.txt:md5,a0839f96103959fd7265cbb986e2724a",
                "multiqc_citations.txt:md5,4c806e63a283ec1b7e78cdae3a923d4f",
                "multiqc_fastqc.txt:md5,72cb1ee38d354d674ced1b4b21bbeff4",
                "multiqc_general_stats.txt:md5,7c2fd44ded06835128a208d3365aa23b"
            ],
            {
                "edger_rowCount": 1231,
                "limma_rowCount": 1231
            }
        ],
        "timestamp": "2026-07-14T10:38:58.442494",
        "meta": {
            "nf-test": "0.9.4",
            "nextflow": "26.04.1"
        }
    }
}