{
    "-profile test": {
        "content": [
            {
                "${task.process}": {
                    "r-base": "4.5.1",
                    "r-Biostrings": "2.78.0"
                },
                "BWA_INDEX": {
                    "bwa": "0.7.19-r1273"
                },
                "BWA_MEM": {
                    "bwa": "0.7.19-r1273",
                    "samtools": "1.22.1"
                },
                "DMSANALYSIS_POSSIBLE_MUTATIONS": {
                    "r-base": "4.5.1",
                    "biostrings": "2.78.0"
                },
                "EXPDESIGN_FITNESS": {
                    "r-base": "4.5.1"
                },
                "FASTQC": {
                    "fastqc": "0.12.1"
                },
                "FIND_SYNONYMOUS_MUTATION": {
                    "r-base": "4.5.1",
                    "r-Biostrings": "2.78.0"
                },
                "FITNESS_HEATMAP": {
                    "r-base": "4.5.1",
                    "r-dplyr": "1.1.4",
                    "r-ggplot2": "4.0.2",
                    "r-methods": "4.5.1",
                    "r-grid": "4.5.1"
                },
                "FITNESS_QC": {
                    "r-base": "4.5.1"
                },
                "MERGE_COUNTS": {
                    "r-base": "4.5.1"
                },
                "Workflow": {
                    "nf-core/deepmutscan": "v1.0.0dev"
                }
            },
            [
                "fastqc",
                "fastqc/GID1A_input_1_pe_1_fastqc.html",
                "fastqc/GID1A_input_1_pe_1_fastqc.zip",
                "fastqc/GID1A_input_1_pe_2_fastqc.html",
                "fastqc/GID1A_input_1_pe_2_fastqc.zip",
                "fastqc/GID1A_input_2_pe_1_fastqc.html",
                "fastqc/GID1A_input_2_pe_1_fastqc.zip",
                "fastqc/GID1A_input_2_pe_2_fastqc.html",
                "fastqc/GID1A_input_2_pe_2_fastqc.zip",
                "fastqc/GID1A_output_1_pe_1_fastqc.html",
                "fastqc/GID1A_output_1_pe_1_fastqc.zip",
                "fastqc/GID1A_output_1_pe_2_fastqc.html",
                "fastqc/GID1A_output_1_pe_2_fastqc.zip",
                "fastqc/GID1A_output_2_pe_1_fastqc.html",
                "fastqc/GID1A_output_2_pe_1_fastqc.zip",
                "fastqc/GID1A_output_2_pe_2_fastqc.html",
                "fastqc/GID1A_output_2_pe_2_fastqc.zip",
                "fitness",
                "fitness/DiMSum_results",
                "fitness/DiMSum_results/single_rep_counts",
                "fitness/DiMSum_results/single_rep_counts/GID1A_input_1_pe_fitness_input.tsv",
                "fitness/DiMSum_results/single_rep_counts/GID1A_input_2_pe_fitness_input.tsv",
                "fitness/DiMSum_results/single_rep_counts/GID1A_output_1_pe_fitness_input.tsv",
                "fitness/DiMSum_results/single_rep_counts/GID1A_output_2_pe_fitness_input.tsv",
                "fitness/counts_merged.tsv",
                "fitness/default_results",
                "fitness/default_results/fitness_estimation.tsv",
                "fitness/default_results/fitness_estimation_count_correlation.pdf",
                "fitness/default_results/fitness_estimation_fitness_correlation.pdf",
                "fitness/default_results/fitness_heatmap.pdf",
                "fitness/experimentalDesign.tsv",
                "fitness/synonymous_wt.txt",
                "intermediate_files",
                "intermediate_files/aa_seq.txt",
                "intermediate_files/bam_files",
                "intermediate_files/bam_files/bwa",
                "intermediate_files/bam_files/bwa/GID1A.amb",
                "intermediate_files/bam_files/bwa/GID1A.ann",
                "intermediate_files/bam_files/bwa/GID1A.bwt",
                "intermediate_files/bam_files/bwa/GID1A.pac",
                "intermediate_files/bam_files/bwa/GID1A.sa",
                "intermediate_files/bam_files/bwa/mem",
                "intermediate_files/bam_files/bwa/mem/GID1A_input_1_pe.bam",
                "intermediate_files/bam_files/bwa/mem/GID1A_input_2_pe.bam",
                "intermediate_files/bam_files/bwa/mem/GID1A_output_1_pe.bam",
                "intermediate_files/bam_files/bwa/mem/GID1A_output_2_pe.bam",
                "intermediate_files/bam_files/filtered",
                "intermediate_files/bam_files/filtered/GID1A_input_1_pe_filtered.bam",
                "intermediate_files/bam_files/filtered/GID1A_input_2_pe_filtered.bam",
                "intermediate_files/bam_files/filtered/GID1A_output_1_pe_filtered.bam",
                "intermediate_files/bam_files/filtered/GID1A_output_2_pe_filtered.bam",
                "intermediate_files/bam_files/premerged",
                "intermediate_files/bam_files/premerged/GID1A_input_1_pe_merged.bam",
                "intermediate_files/bam_files/premerged/GID1A_input_2_pe_merged.bam",
                "intermediate_files/bam_files/premerged/GID1A_output_1_pe_merged.bam",
                "intermediate_files/bam_files/premerged/GID1A_output_2_pe_merged.bam",
                "intermediate_files/gatk",
                "intermediate_files/gatk/GID1A_input_1_pe",
                "intermediate_files/gatk/GID1A_input_1_pe/gatk_output.aaCounts",
                "intermediate_files/gatk/GID1A_input_1_pe/gatk_output.aaFractions",
                "intermediate_files/gatk/GID1A_input_1_pe/gatk_output.codonCounts",
                "intermediate_files/gatk/GID1A_input_1_pe/gatk_output.codonFractions",
                "intermediate_files/gatk/GID1A_input_1_pe/gatk_output.coverageLengthCounts",
                "intermediate_files/gatk/GID1A_input_1_pe/gatk_output.readCounts",
                "intermediate_files/gatk/GID1A_input_1_pe/gatk_output.refCoverage",
                "intermediate_files/gatk/GID1A_input_1_pe/gatk_output.variantCounts",
                "intermediate_files/gatk/GID1A_input_2_pe",
                "intermediate_files/gatk/GID1A_input_2_pe/gatk_output.aaCounts",
                "intermediate_files/gatk/GID1A_input_2_pe/gatk_output.aaFractions",
                "intermediate_files/gatk/GID1A_input_2_pe/gatk_output.codonCounts",
                "intermediate_files/gatk/GID1A_input_2_pe/gatk_output.codonFractions",
                "intermediate_files/gatk/GID1A_input_2_pe/gatk_output.coverageLengthCounts",
                "intermediate_files/gatk/GID1A_input_2_pe/gatk_output.readCounts",
                "intermediate_files/gatk/GID1A_input_2_pe/gatk_output.refCoverage",
                "intermediate_files/gatk/GID1A_input_2_pe/gatk_output.variantCounts",
                "intermediate_files/gatk/GID1A_output_1_pe",
                "intermediate_files/gatk/GID1A_output_1_pe/gatk_output.aaCounts",
                "intermediate_files/gatk/GID1A_output_1_pe/gatk_output.aaFractions",
                "intermediate_files/gatk/GID1A_output_1_pe/gatk_output.codonCounts",
                "intermediate_files/gatk/GID1A_output_1_pe/gatk_output.codonFractions",
                "intermediate_files/gatk/GID1A_output_1_pe/gatk_output.coverageLengthCounts",
                "intermediate_files/gatk/GID1A_output_1_pe/gatk_output.readCounts",
                "intermediate_files/gatk/GID1A_output_1_pe/gatk_output.refCoverage",
                "intermediate_files/gatk/GID1A_output_1_pe/gatk_output.variantCounts",
                "intermediate_files/gatk/GID1A_output_2_pe",
                "intermediate_files/gatk/GID1A_output_2_pe/gatk_output.aaCounts",
                "intermediate_files/gatk/GID1A_output_2_pe/gatk_output.aaFractions",
                "intermediate_files/gatk/GID1A_output_2_pe/gatk_output.codonCounts",
                "intermediate_files/gatk/GID1A_output_2_pe/gatk_output.codonFractions",
                "intermediate_files/gatk/GID1A_output_2_pe/gatk_output.coverageLengthCounts",
                "intermediate_files/gatk/GID1A_output_2_pe/gatk_output.readCounts",
                "intermediate_files/gatk/GID1A_output_2_pe/gatk_output.refCoverage",
                "intermediate_files/gatk/GID1A_output_2_pe/gatk_output.variantCounts",
                "intermediate_files/possible_mutations.csv",
                "intermediate_files/processed_gatk_files",
                "intermediate_files/processed_gatk_files/GID1A_input_1_pe",
                "intermediate_files/processed_gatk_files/GID1A_input_1_pe/annotated_variantCounts.csv",
                "intermediate_files/processed_gatk_files/GID1A_input_1_pe/library_completed_variantCounts.csv",
                "intermediate_files/processed_gatk_files/GID1A_input_1_pe/variantCounts_filtered_by_library.csv",
                "intermediate_files/processed_gatk_files/GID1A_input_1_pe/variantCounts_for_heatmaps.csv",
                "intermediate_files/processed_gatk_files/GID1A_input_2_pe",
                "intermediate_files/processed_gatk_files/GID1A_input_2_pe/annotated_variantCounts.csv",
                "intermediate_files/processed_gatk_files/GID1A_input_2_pe/library_completed_variantCounts.csv",
                "intermediate_files/processed_gatk_files/GID1A_input_2_pe/variantCounts_filtered_by_library.csv",
                "intermediate_files/processed_gatk_files/GID1A_input_2_pe/variantCounts_for_heatmaps.csv",
                "intermediate_files/processed_gatk_files/GID1A_output_1_pe",
                "intermediate_files/processed_gatk_files/GID1A_output_1_pe/annotated_variantCounts.csv",
                "intermediate_files/processed_gatk_files/GID1A_output_1_pe/library_completed_variantCounts.csv",
                "intermediate_files/processed_gatk_files/GID1A_output_1_pe/variantCounts_filtered_by_library.csv",
                "intermediate_files/processed_gatk_files/GID1A_output_1_pe/variantCounts_for_heatmaps.csv",
                "intermediate_files/processed_gatk_files/GID1A_output_2_pe",
                "intermediate_files/processed_gatk_files/GID1A_output_2_pe/annotated_variantCounts.csv",
                "intermediate_files/processed_gatk_files/GID1A_output_2_pe/library_completed_variantCounts.csv",
                "intermediate_files/processed_gatk_files/GID1A_output_2_pe/variantCounts_filtered_by_library.csv",
                "intermediate_files/processed_gatk_files/GID1A_output_2_pe/variantCounts_for_heatmaps.csv",
                "library_QC",
                "library_QC/GID1A_input_1_pe",
                "library_QC/GID1A_input_1_pe/SeqDepth.pdf",
                "library_QC/GID1A_input_1_pe/counts_heatmap.pdf",
                "library_QC/GID1A_input_1_pe/counts_per_cov_heatmap.pdf",
                "library_QC/GID1A_input_1_pe/logdiff_plot.pdf",
                "library_QC/GID1A_input_1_pe/logdiff_varying_bases.pdf",
                "library_QC/GID1A_input_1_pe/rolling_counts.pdf",
                "library_QC/GID1A_input_1_pe/rolling_counts_per_cov.pdf",
                "library_QC/GID1A_input_1_pe/rolling_coverage.pdf",
                "library_QC/GID1A_input_2_pe",
                "library_QC/GID1A_input_2_pe/SeqDepth.pdf",
                "library_QC/GID1A_input_2_pe/counts_heatmap.pdf",
                "library_QC/GID1A_input_2_pe/counts_per_cov_heatmap.pdf",
                "library_QC/GID1A_input_2_pe/logdiff_plot.pdf",
                "library_QC/GID1A_input_2_pe/logdiff_varying_bases.pdf",
                "library_QC/GID1A_input_2_pe/rolling_counts.pdf",
                "library_QC/GID1A_input_2_pe/rolling_counts_per_cov.pdf",
                "library_QC/GID1A_input_2_pe/rolling_coverage.pdf",
                "library_QC/GID1A_output_1_pe",
                "library_QC/GID1A_output_1_pe/SeqDepth.pdf",
                "library_QC/GID1A_output_1_pe/counts_heatmap.pdf",
                "library_QC/GID1A_output_1_pe/counts_per_cov_heatmap.pdf",
                "library_QC/GID1A_output_1_pe/logdiff_plot.pdf",
                "library_QC/GID1A_output_1_pe/logdiff_varying_bases.pdf",
                "library_QC/GID1A_output_1_pe/rolling_counts.pdf",
                "library_QC/GID1A_output_1_pe/rolling_counts_per_cov.pdf",
                "library_QC/GID1A_output_1_pe/rolling_coverage.pdf",
                "library_QC/GID1A_output_2_pe",
                "library_QC/GID1A_output_2_pe/SeqDepth.pdf",
                "library_QC/GID1A_output_2_pe/counts_heatmap.pdf",
                "library_QC/GID1A_output_2_pe/counts_per_cov_heatmap.pdf",
                "library_QC/GID1A_output_2_pe/logdiff_plot.pdf",
                "library_QC/GID1A_output_2_pe/logdiff_varying_bases.pdf",
                "library_QC/GID1A_output_2_pe/rolling_counts.pdf",
                "library_QC/GID1A_output_2_pe/rolling_counts_per_cov.pdf",
                "library_QC/GID1A_output_2_pe/rolling_coverage.pdf",
                "multiqc",
                "multiqc/multiqc_data",
                "multiqc/multiqc_data/fastqc-status-check-heatmap.txt",
                "multiqc/multiqc_data/fastqc_adapter_content_plot.txt",
                "multiqc/multiqc_data/fastqc_overrepresented_sequences_plot.txt",
                "multiqc/multiqc_data/fastqc_per_base_n_content_plot.txt",
                "multiqc/multiqc_data/fastqc_per_base_sequence_quality_plot.txt",
                "multiqc/multiqc_data/fastqc_per_sequence_gc_content_plot_Counts.txt",
                "multiqc/multiqc_data/fastqc_per_sequence_gc_content_plot_Percentages.txt",
                "multiqc/multiqc_data/fastqc_per_sequence_quality_scores_plot.txt",
                "multiqc/multiqc_data/fastqc_sequence_counts_plot.txt",
                "multiqc/multiqc_data/fastqc_sequence_duplication_levels_plot.txt",
                "multiqc/multiqc_data/fastqc_top_overrepresented_sequences_table.txt",
                "multiqc/multiqc_data/llms-full.txt",
                "multiqc/multiqc_data/multiqc.log",
                "multiqc/multiqc_data/multiqc.parquet",
                "multiqc/multiqc_data/multiqc_citations.txt",
                "multiqc/multiqc_data/multiqc_data.json",
                "multiqc/multiqc_data/multiqc_fastqc.txt",
                "multiqc/multiqc_data/multiqc_general_stats.txt",
                "multiqc/multiqc_data/multiqc_software_versions.txt",
                "multiqc/multiqc_data/multiqc_sources.txt",
                "multiqc/multiqc_report.html",
                "pipeline_info",
                "pipeline_info/nf_core_deepmutscan_software_mqc_versions.yml"
            ],
            [
                "GID1A_input_1_pe_fitness_input.tsv:md5,37f117c085aed5c047bfc4bdb877f6a5",
                "GID1A_input_2_pe_fitness_input.tsv:md5,08c149f5af39243413d4fd3ac4a9cee6",
                "GID1A_output_1_pe_fitness_input.tsv:md5,8255190abc161bc4f9146d11a6819e62",
                "GID1A_output_2_pe_fitness_input.tsv:md5,86ca879069467c7883919676659000d4",
                "counts_merged.tsv:md5,8f8f810518a000cd4e8b7b076f50e121",
                "fitness_estimation.tsv:md5,319d093abe93cf8bbe1f7a75dbb1c3b5",
                "fitness_estimation_count_correlation.pdf:md5,74c2f221bf13097e25f1bbba9348ce53",
                "fitness_estimation_fitness_correlation.pdf:md5,e9082719d0b66a383fdc59c7ad70c8d1",
                "fitness_heatmap.pdf:md5,020e60c6b3a4cbe9efc9900c9bcb3254",
                "experimentalDesign.tsv:md5,f95dea4a3e6cf7e206e789a96e502604",
                "synonymous_wt.txt:md5,bb94c5975185b80f8d63acebfbf4a0da",
                "aa_seq.txt:md5,421287586f566191f7da4a7aad7d24a8",
                "GID1A.amb:md5,383ef17f6abb846ab669ebac30f5659b",
                "GID1A.ann:md5,30c4a2204f9166d9594c790e0ca58793",
                "GID1A.bwt:md5,120149e0239465625c2dd20a171701fd",
                "GID1A.pac:md5,104f743d81d39b2527b5ae52db26654c",
                "GID1A.sa:md5,1f697dcb3fedd2f3f29642598bdd795b",
                "GID1A_input_1_pe.bam:md5,57f54fa2bad68dc8ff39d2bb79d94742",
                "GID1A_input_2_pe.bam:md5,5da708382cddfaa90e7b53e3d79d8f8e",
                "GID1A_output_1_pe.bam:md5,f888077ed2234b2b7b033ceea621b33f",
                "GID1A_output_2_pe.bam:md5,5b147ba80d87ee3ff3be6c3f34d7f67d",
                "GID1A_input_1_pe_filtered.bam:md5,3ca481d1fcdc0c5f3c1bca772b491d1e",
                "GID1A_input_2_pe_filtered.bam:md5,9d4f9769ab087d37a3c7cb632ff4df73",
                "GID1A_output_1_pe_filtered.bam:md5,4116f59370fc259900c3f4d6dd3f5dd4",
                "GID1A_output_2_pe_filtered.bam:md5,6ae818bdb9e7ec5ea1c4c96de50d17ce",
                "GID1A_input_1_pe_merged.bam:md5,97036832fa1aa512fd98899dd6d55adc",
                "GID1A_input_2_pe_merged.bam:md5,4022c01b39e15881ae30999e18317ba2",
                "GID1A_output_1_pe_merged.bam:md5,7304058a732059a7da38c325963be3b1",
                "GID1A_output_2_pe_merged.bam:md5,9fce3acae393d542c5586f7d03d290c7",
                "gatk_output.aaCounts:md5,24b4246b9a8541dd9e4a600cd117bc7a",
                "gatk_output.aaFractions:md5,ad28ff8aa58621f156772013fefc1a78",
                "gatk_output.codonCounts:md5,6a09ed13037ef40d63408089453a40a8",
                "gatk_output.codonFractions:md5,cc16649790d7d025921e85d3bf6e7479",
                "gatk_output.coverageLengthCounts:md5,6ad92adf2629169b61da7d8c74c81c20",
                "gatk_output.readCounts:md5,53dd247510935ed95236b07ea20b097d",
                "gatk_output.refCoverage:md5,2e85472b0d6d539a13d10d0d0cc7c119",
                "gatk_output.variantCounts:md5,022b9d41c4affb02f682cc4a2a14c414",
                "gatk_output.aaCounts:md5,2900fec9b0fa14733c03456c1db87873",
                "gatk_output.aaFractions:md5,6c65be966c311f62763b2f04ff79fe6f",
                "gatk_output.codonCounts:md5,1cf868ae173efa006d2d70a457232672",
                "gatk_output.codonFractions:md5,5ea7101d36c48576512c171b1f94fea5",
                "gatk_output.coverageLengthCounts:md5,67d304f700488942eb9e3150b401db0e",
                "gatk_output.readCounts:md5,03d07b7ab4c91ba3ffb7f4d19b81060b",
                "gatk_output.refCoverage:md5,643b3de32ea21faff68f4cdc059d5186",
                "gatk_output.variantCounts:md5,dd84779bec019f1b1c3dd862146191e5",
                "gatk_output.aaCounts:md5,e301ba5289887fe749d4f2aaddff564f",
                "gatk_output.aaFractions:md5,4a643d3ab4485e2afd556cd8a1acdcd9",
                "gatk_output.codonCounts:md5,9e035037f015583ec40ee7ac3f95d770",
                "gatk_output.codonFractions:md5,efefcc6a81dafc3f480e21094b7797a4",
                "gatk_output.coverageLengthCounts:md5,949ad6af6bc030ee3b604bd5dd796bca",
                "gatk_output.readCounts:md5,991d059f48e512ec9e1eee741c6d148c",
                "gatk_output.refCoverage:md5,b9c46a171cc8909cc87a16c4042b6c9a",
                "gatk_output.variantCounts:md5,fbd6faf6e9cedfd4dac56aa078933292",
                "gatk_output.aaCounts:md5,6c8e64ad5a2d3a83f7068ccad61c0dc7",
                "gatk_output.aaFractions:md5,8a5f15131201756003f613ae5ecb5d62",
                "gatk_output.codonCounts:md5,ee8d49ea420e5ae93c167f7c61ade5f4",
                "gatk_output.codonFractions:md5,3dd42165eb49c347abce91687c52748a",
                "gatk_output.coverageLengthCounts:md5,f60eeeb00a95c9864adf497d697784f9",
                "gatk_output.readCounts:md5,306f43a55c3609510aab16660426ff79",
                "gatk_output.refCoverage:md5,923c5e2f1b98088de89b2e6413e43daa",
                "gatk_output.variantCounts:md5,74abfdcd00aea020b9b56c091c38a805",
                "possible_mutations.csv:md5,9ce59fe91b726b1d88587a13fa899567",
                "annotated_variantCounts.csv:md5,92ec154a8faf4626717fda3c117c119d",
                "library_completed_variantCounts.csv:md5,88a4ad2575403e322c06ce57fc9b0c3f",
                "variantCounts_filtered_by_library.csv:md5,630d2284b78d441511262eb7a4f21e0f",
                "variantCounts_for_heatmaps.csv:md5,abe9765175ab724c8bca1bd17bfb4875",
                "annotated_variantCounts.csv:md5,11fd59e89d9668a2ffeb24792443b1df",
                "library_completed_variantCounts.csv:md5,dda6173170646bb39f19271b58d147aa",
                "variantCounts_filtered_by_library.csv:md5,89eaef32b5e1d135de7aaf1364f289f8",
                "variantCounts_for_heatmaps.csv:md5,f768ee02434502059987f3332b90ae5d",
                "annotated_variantCounts.csv:md5,ed86a8575c0dccaf9aa35f3ca5b4b42a",
                "library_completed_variantCounts.csv:md5,4e3f8bb562803cd5b868a5a189c57bc4",
                "variantCounts_filtered_by_library.csv:md5,651fdd44ab9f7365ccba5b468cd04bd5",
                "variantCounts_for_heatmaps.csv:md5,5fd8161758ccddfe6ae74d7ef919826f",
                "annotated_variantCounts.csv:md5,ae8c407261b6107e67d4c9ec6b9dfa89",
                "library_completed_variantCounts.csv:md5,34974d5568a315d78892139e71d2221e",
                "variantCounts_filtered_by_library.csv:md5,0c38bb486fce548f2cce646a77307bb2",
                "variantCounts_for_heatmaps.csv:md5,2e513e7bfe1d0ac8758af03e82685cf6",
                "SeqDepth.pdf:md5,5e6b76da0750dea102d01d91d6b35abf",
                "counts_heatmap.pdf:md5,83c78b2cd026cb3421dca5f5ac125346",
                "counts_per_cov_heatmap.pdf:md5,bc059fa8a59f5951c2345af15a1ee62d",
                "logdiff_plot.pdf:md5,3d939962f14af3b170e6aafaa81a5dc0",
                "logdiff_varying_bases.pdf:md5,26a3f6ad363617be650a526448ac4745",
                "rolling_counts.pdf:md5,8304ca13ad3236d6b33099921945cd88",
                "rolling_counts_per_cov.pdf:md5,4c314dfa12fabfeb41917641004891e5",
                "rolling_coverage.pdf:md5,494248c720c87cf388a0cbf553832a7a",
                "SeqDepth.pdf:md5,996bc99e3ade8d1e16fbdaac7ede3c27",
                "counts_heatmap.pdf:md5,6b36027ef59e9850622e2b377c673be1",
                "counts_per_cov_heatmap.pdf:md5,936a45a274adf8deb0f95e6b0527f62d",
                "logdiff_plot.pdf:md5,a6ef96643f7809d04ad71c3e50fd3e71",
                "logdiff_varying_bases.pdf:md5,a09035dc8f0f1ae0a9f0fe2f7245af98",
                "rolling_counts.pdf:md5,9a269b8a0d63f1b8d088eda5201ac383",
                "rolling_counts_per_cov.pdf:md5,27b550103df535dcbf788398b22e90e1",
                "rolling_coverage.pdf:md5,272f7b18b9c7481c99c3e2defc1c7f71",
                "SeqDepth.pdf:md5,1c1614aa57312a924525e26b59e69101",
                "counts_heatmap.pdf:md5,5217dad177beabe0c936eed3c4612ba2",
                "counts_per_cov_heatmap.pdf:md5,88cbc5ce04577614669d0674d0c9d4bf",
                "logdiff_plot.pdf:md5,a6de8e880a8cd7ff2f3942e5d7bc065d",
                "logdiff_varying_bases.pdf:md5,b82a795696a791cbc6e8516ba24f4c64",
                "rolling_counts.pdf:md5,4b2fb031391afb260de5add2d561b370",
                "rolling_counts_per_cov.pdf:md5,cc4e9ec3db1a1195fa30a09c93b34d9c",
                "rolling_coverage.pdf:md5,d32923eeb03679e7aa268d9f50dea6e3",
                "SeqDepth.pdf:md5,26c5530b7fe4a55955673e085ce2d7d4",
                "counts_heatmap.pdf:md5,2dc9387224ab9e1fbb5ef8ea8fe5dda5",
                "counts_per_cov_heatmap.pdf:md5,7f4d9246c2350623dcebf0e5787bea9d",
                "logdiff_plot.pdf:md5,abb803e1683b8d5d5f02505f5917eb5c",
                "logdiff_varying_bases.pdf:md5,9d95efbbe59f10bbb60268777bf4ae63",
                "rolling_counts.pdf:md5,f4efb163e75b71ff8caea19066a384aa",
                "rolling_counts_per_cov.pdf:md5,9373781e2f0af8e4a0f5c3ef360b310d",
                "rolling_coverage.pdf:md5,bdf83cda0e4e06c8217bbf9301ace5f7",
                "fastqc-status-check-heatmap.txt:md5,58a9580c11af4210b1af65753383e120",
                "fastqc_adapter_content_plot.txt:md5,2990ad34b6fa29151dd4b9a38828afbe",
                "fastqc_overrepresented_sequences_plot.txt:md5,c703a9df0ea3a5c1c5f515a1fd88bbe8",
                "fastqc_per_base_n_content_plot.txt:md5,6af419871cdec77149cf013b72e82417",
                "fastqc_per_base_sequence_quality_plot.txt:md5,460b8e65cf8d58087b3143ba78b30e17",
                "fastqc_per_sequence_gc_content_plot_Counts.txt:md5,7f1eacaa19e912e18a4419b23e749e3a",
                "fastqc_per_sequence_gc_content_plot_Percentages.txt:md5,0e405d9394ae8aeaa6ae162e18f7c195",
                "fastqc_per_sequence_quality_scores_plot.txt:md5,5d1ee338c146901ca9f1690f7ee47200",
                "fastqc_sequence_counts_plot.txt:md5,8b438078b7f3475b6ce659cc4b8dca11",
                "fastqc_sequence_duplication_levels_plot.txt:md5,a0839f96103959fd7265cbb986e2724a",
                "multiqc_citations.txt:md5,4c806e63a283ec1b7e78cdae3a923d4f",
                "multiqc_fastqc.txt:md5,72cb1ee38d354d674ced1b4b21bbeff4",
                "multiqc_general_stats.txt:md5,7c2fd44ded06835128a208d3365aa23b"
            ]
        ],
        "timestamp": "2026-05-19T17:16:11.316172",
        "meta": {
            "nf-test": "0.9.4",
            "nextflow": "26.04.1"
        }
    }
}